// Jest Snapshot v1, https://goo.gl/fbAQLP

exports[`renders correctly 1`] = `
<div
  className="w-52 transform transition duration-200 hover:scale-105 inline-block bg-white rounded shadow m-4 text-center p-4 border"
  style={
    Object {
      "borderColor": "#0ccac4",
    }
  }
>
  <img />
  <div>
    <h2 />
    <p
      className="max-w-full overflow-ellipsis overflow-hidden ..."
    />
  </div>
</div>
`;
